2026-07-09 16:41:25  INFO      rag_service – ============================================================
2026-07-09 16:41:25  INFO      rag_service – ERP RAG Microservice starting ...
2026-07-09 16:41:25  INFO      rag_service – DB      : erp_rag @ localhost:3307
2026-07-09 16:41:25  INFO      rag_service – Embeds  : local SentenceTransformer (all-MiniLM-L6-v2)
2026-07-09 16:41:25  INFO      mysql.connector – package: mysql.connector.plugins
2026-07-09 16:41:25  INFO      mysql.connector – plugin_name: mysql_native_password
2026-07-09 16:41:25  INFO      mysql.connector – AUTHENTICATION_PLUGIN_CLASS: MySQLNativePasswordAuthPlugin
2026-07-09 16:41:25  INFO      db.mysql_client – MySQL pool created for localhost:3307/erp_rag
2026-07-09 16:41:25  INFO      rag_service – MySQL connection OK.
2026-07-09 16:43:05  INFO      services.embedder – Loading local embedding model: all-MiniLM-L6-v2
2026-07-09 16:43:05  INFO      sentence_transformers.base.model – No device provided, using cpu
2026-07-09 16:43:06  INFO      httpx – HTTP Request: GET https://huggingface.co/api/agent-harnesses "HTTP/1.1 200 OK"
2026-07-09 16:43:06  INFO      httpx – HTTP Request: HEAD https://huggingface.co/sentence-transformers/all-MiniLM-L6-v2/resolve/main/modules.json "HTTP/1.1 307 Temporary Redirect"
2026-07-09 16:43:06  WARNING   huggingface_hub.utils._http – Warning: You are sending unauthenticated requests to the HF Hub. Please set a HF_TOKEN to enable higher rate limits and faster downloads.
2026-07-09 16:43:06  INFO      httpx – HTTP Request: HEAD https://huggingface.co/api/resolve-cache/models/sentence-transformers/all-MiniLM-L6-v2/1110a243fdf4706b3f48f1d95db1a4f5529b4d41/modules.json "HTTP/1.1 200 OK"
2026-07-09 16:43:06  INFO      httpx – HTTP Request: HEAD https://huggingface.co/sentence-transformers/all-MiniLM-L6-v2/resolve/main/config_sentence_transformers.json "HTTP/1.1 307 Temporary Redirect"
2026-07-09 16:43:06  INFO      httpx – HTTP Request: HEAD https://huggingface.co/api/resolve-cache/models/sentence-transformers/all-MiniLM-L6-v2/1110a243fdf4706b3f48f1d95db1a4f5529b4d41/config_sentence_transformers.json "HTTP/1.1 200 OK"
2026-07-09 16:43:06  INFO      sentence_transformers.base.model – Loading SentenceTransformer model from sentence-transformers/all-MiniLM-L6-v2.
2026-07-09 16:43:07  INFO      httpx – HTTP Request: HEAD https://huggingface.co/sentence-transformers/all-MiniLM-L6-v2/resolve/main/config_sentence_transformers.json "HTTP/1.1 307 Temporary Redirect"
2026-07-09 16:43:07  INFO      httpx – HTTP Request: HEAD https://huggingface.co/api/resolve-cache/models/sentence-transformers/all-MiniLM-L6-v2/1110a243fdf4706b3f48f1d95db1a4f5529b4d41/config_sentence_transformers.json "HTTP/1.1 200 OK"
2026-07-09 16:43:07  INFO      httpx – HTTP Request: HEAD https://huggingface.co/sentence-transformers/all-MiniLM-L6-v2/resolve/main/README.md "HTTP/1.1 307 Temporary Redirect"
2026-07-09 16:43:07  INFO      httpx – HTTP Request: HEAD https://huggingface.co/api/resolve-cache/models/sentence-transformers/all-MiniLM-L6-v2/1110a243fdf4706b3f48f1d95db1a4f5529b4d41/README.md "HTTP/1.1 200 OK"
2026-07-09 16:43:07  INFO      httpx – HTTP Request: HEAD https://huggingface.co/sentence-transformers/all-MiniLM-L6-v2/resolve/main/modules.json "HTTP/1.1 307 Temporary Redirect"
2026-07-09 16:43:07  INFO      httpx – HTTP Request: HEAD https://huggingface.co/api/resolve-cache/models/sentence-transformers/all-MiniLM-L6-v2/1110a243fdf4706b3f48f1d95db1a4f5529b4d41/modules.json "HTTP/1.1 200 OK"
2026-07-09 16:43:08  INFO      httpx – HTTP Request: HEAD https://huggingface.co/sentence-transformers/all-MiniLM-L6-v2/resolve/main/sentence_bert_config.json "HTTP/1.1 307 Temporary Redirect"
2026-07-09 16:43:08  INFO      httpx – HTTP Request: HEAD https://huggingface.co/api/resolve-cache/models/sentence-transformers/all-MiniLM-L6-v2/1110a243fdf4706b3f48f1d95db1a4f5529b4d41/sentence_bert_config.json "HTTP/1.1 200 OK"
2026-07-09 16:43:08  INFO      httpx – HTTP Request: HEAD https://huggingface.co/sentence-transformers/all-MiniLM-L6-v2/resolve/main/adapter_config.json "HTTP/1.1 404 Not Found"
2026-07-09 16:43:08  INFO      httpx – HTTP Request: HEAD https://huggingface.co/sentence-transformers/all-MiniLM-L6-v2/resolve/main/config.json "HTTP/1.1 307 Temporary Redirect"
2026-07-09 16:43:08  INFO      httpx – HTTP Request: HEAD https://huggingface.co/api/resolve-cache/models/sentence-transformers/all-MiniLM-L6-v2/1110a243fdf4706b3f48f1d95db1a4f5529b4d41/config.json "HTTP/1.1 200 OK"
2026-07-09 16:43:10  INFO      httpx – HTTP Request: HEAD https://huggingface.co/sentence-transformers/all-MiniLM-L6-v2/resolve/main/processor_config.json "HTTP/1.1 404 Not Found"
2026-07-09 16:43:10  INFO      httpx – HTTP Request: HEAD https://huggingface.co/sentence-transformers/all-MiniLM-L6-v2/resolve/main/preprocessor_config.json "HTTP/1.1 404 Not Found"
2026-07-09 16:43:10  INFO      httpx – HTTP Request: HEAD https://huggingface.co/sentence-transformers/all-MiniLM-L6-v2/resolve/main/video_preprocessor_config.json "HTTP/1.1 404 Not Found"
2026-07-09 16:43:11  INFO      httpx – HTTP Request: HEAD https://huggingface.co/sentence-transformers/all-MiniLM-L6-v2/resolve/main/preprocessor_config.json "HTTP/1.1 404 Not Found"
2026-07-09 16:43:11  INFO      httpx – HTTP Request: HEAD https://huggingface.co/sentence-transformers/all-MiniLM-L6-v2/resolve/main/tokenizer_config.json "HTTP/1.1 307 Temporary Redirect"
2026-07-09 16:43:11  INFO      httpx – HTTP Request: HEAD https://huggingface.co/api/resolve-cache/models/sentence-transformers/all-MiniLM-L6-v2/1110a243fdf4706b3f48f1d95db1a4f5529b4d41/tokenizer_config.json "HTTP/1.1 200 OK"
2026-07-09 16:43:12  INFO      httpx – HTTP Request: HEAD https://huggingface.co/sentence-transformers/all-MiniLM-L6-v2/resolve/main/config.json "HTTP/1.1 307 Temporary Redirect"
2026-07-09 16:43:12  INFO      httpx – HTTP Request: HEAD https://huggingface.co/api/resolve-cache/models/sentence-transformers/all-MiniLM-L6-v2/1110a243fdf4706b3f48f1d95db1a4f5529b4d41/config.json "HTTP/1.1 200 OK"
2026-07-09 16:43:12  INFO      httpx – HTTP Request: HEAD https://huggingface.co/sentence-transformers/all-MiniLM-L6-v2/resolve/main/config.json "HTTP/1.1 307 Temporary Redirect"
2026-07-09 16:43:12  INFO      httpx – HTTP Request: HEAD https://huggingface.co/api/resolve-cache/models/sentence-transformers/all-MiniLM-L6-v2/1110a243fdf4706b3f48f1d95db1a4f5529b4d41/config.json "HTTP/1.1 200 OK"
2026-07-09 16:43:13  INFO      httpx – HTTP Request: HEAD https://huggingface.co/sentence-transformers/all-MiniLM-L6-v2/resolve/main/tokenizer_config.json "HTTP/1.1 307 Temporary Redirect"
2026-07-09 16:43:13  INFO      httpx – HTTP Request: HEAD https://huggingface.co/api/resolve-cache/models/sentence-transformers/all-MiniLM-L6-v2/1110a243fdf4706b3f48f1d95db1a4f5529b4d41/tokenizer_config.json "HTTP/1.1 200 OK"
2026-07-09 16:43:13  INFO      httpx – HTTP Request: GET https://huggingface.co/api/models/sentence-transformers/all-MiniLM-L6-v2/tree/main/additional_chat_templates?recursive=false&expand=false "HTTP/1.1 404 Not Found"
2026-07-09 16:43:13  INFO      httpx – HTTP Request: GET https://huggingface.co/api/models/sentence-transformers/all-MiniLM-L6-v2/tree/main?recursive=true&expand=false "HTTP/1.1 200 OK"
2026-07-09 16:43:14  INFO      httpx – HTTP Request: HEAD https://huggingface.co/sentence-transformers/all-MiniLM-L6-v2/resolve/main/1_Pooling/config.json "HTTP/1.1 307 Temporary Redirect"
2026-07-09 16:43:14  INFO      httpx – HTTP Request: HEAD https://huggingface.co/api/resolve-cache/models/sentence-transformers/all-MiniLM-L6-v2/1110a243fdf4706b3f48f1d95db1a4f5529b4d41/1_Pooling%2Fconfig.json "HTTP/1.1 200 OK"
2026-07-09 16:43:14  INFO      httpx – HTTP Request: GET https://huggingface.co/api/models/sentence-transformers/all-MiniLM-L6-v2 "HTTP/1.1 200 OK"
2026-07-09 16:43:14  INFO      services.embedder – Embedding model loaded. Vector dim: 384
2026-07-09 16:43:14  INFO      rag_service – SentenceTransformer model loaded and ready.
2026-07-09 16:43:19  INFO      db.chroma_client – ChromaDB client ready at: ./chromadb
2026-07-09 16:43:20  INFO      rag_service – ChromaDB collection 'erp_documents' ready. Vectors stored: 785
2026-07-09 16:43:21  INFO      rag_service – ChromaDB override collection 'hr_overrides' ready. Entries: 1
2026-07-09 16:43:21  INFO      rag_service – RAG service READY on http://127.0.0.1:8000
2026-07-09 16:43:21  INFO      rag_service – Docs: http://127.0.0.1:8000/docs
2026-07-09 16:43:21  INFO      rag_service – ============================================================
2026-07-09 17:06:09  INFO      rag_service – RAG service shutting down.
2026-07-09 19:04:40  INFO      rag_service – ============================================================
2026-07-09 19:04:41  INFO      rag_service – ERP RAG Microservice starting ...
2026-07-09 19:04:41  INFO      rag_service – DB      : erp_rag @ localhost:3307
2026-07-09 19:04:41  INFO      rag_service – Embeds  : local SentenceTransformer (all-MiniLM-L6-v2)
2026-07-09 19:04:41  INFO      mysql.connector – package: mysql.connector.plugins
2026-07-09 19:04:41  INFO      mysql.connector – plugin_name: mysql_native_password
2026-07-09 19:04:41  INFO      mysql.connector – AUTHENTICATION_PLUGIN_CLASS: MySQLNativePasswordAuthPlugin
2026-07-09 19:04:41  INFO      db.mysql_client – MySQL pool created for localhost:3307/erp_rag
2026-07-09 19:04:41  INFO      rag_service – MySQL connection OK.
2026-07-09 19:04:55  INFO      services.embedder – Loading local embedding model: all-MiniLM-L6-v2
2026-07-09 19:04:55  INFO      sentence_transformers.base.model – No device provided, using cpu
2026-07-09 19:04:56  INFO      httpx – HTTP Request: HEAD https://huggingface.co/sentence-transformers/all-MiniLM-L6-v2/resolve/main/modules.json "HTTP/1.1 307 Temporary Redirect"
2026-07-09 19:04:56  WARNING   huggingface_hub.utils._http – Warning: You are sending unauthenticated requests to the HF Hub. Please set a HF_TOKEN to enable higher rate limits and faster downloads.
2026-07-09 19:04:56  INFO      httpx – HTTP Request: HEAD https://huggingface.co/api/resolve-cache/models/sentence-transformers/all-MiniLM-L6-v2/1110a243fdf4706b3f48f1d95db1a4f5529b4d41/modules.json "HTTP/1.1 200 OK"
2026-07-09 19:04:56  INFO      httpx – HTTP Request: HEAD https://huggingface.co/sentence-transformers/all-MiniLM-L6-v2/resolve/main/config_sentence_transformers.json "HTTP/1.1 307 Temporary Redirect"
2026-07-09 19:04:56  INFO      httpx – HTTP Request: HEAD https://huggingface.co/api/resolve-cache/models/sentence-transformers/all-MiniLM-L6-v2/1110a243fdf4706b3f48f1d95db1a4f5529b4d41/config_sentence_transformers.json "HTTP/1.1 200 OK"
2026-07-09 19:04:56  INFO      sentence_transformers.base.model – Loading SentenceTransformer model from sentence-transformers/all-MiniLM-L6-v2.
2026-07-09 19:04:57  INFO      httpx – HTTP Request: HEAD https://huggingface.co/sentence-transformers/all-MiniLM-L6-v2/resolve/main/config_sentence_transformers.json "HTTP/1.1 307 Temporary Redirect"
2026-07-09 19:04:57  INFO      httpx – HTTP Request: HEAD https://huggingface.co/api/resolve-cache/models/sentence-transformers/all-MiniLM-L6-v2/1110a243fdf4706b3f48f1d95db1a4f5529b4d41/config_sentence_transformers.json "HTTP/1.1 200 OK"
2026-07-09 19:04:58  INFO      httpx – HTTP Request: HEAD https://huggingface.co/sentence-transformers/all-MiniLM-L6-v2/resolve/main/README.md "HTTP/1.1 307 Temporary Redirect"
2026-07-09 19:04:58  INFO      httpx – HTTP Request: HEAD https://huggingface.co/api/resolve-cache/models/sentence-transformers/all-MiniLM-L6-v2/1110a243fdf4706b3f48f1d95db1a4f5529b4d41/README.md "HTTP/1.1 200 OK"
2026-07-09 19:04:58  INFO      httpx – HTTP Request: HEAD https://huggingface.co/sentence-transformers/all-MiniLM-L6-v2/resolve/main/modules.json "HTTP/1.1 307 Temporary Redirect"
2026-07-09 19:04:58  INFO      httpx – HTTP Request: HEAD https://huggingface.co/api/resolve-cache/models/sentence-transformers/all-MiniLM-L6-v2/1110a243fdf4706b3f48f1d95db1a4f5529b4d41/modules.json "HTTP/1.1 200 OK"
2026-07-09 19:04:58  INFO      httpx – HTTP Request: HEAD https://huggingface.co/sentence-transformers/all-MiniLM-L6-v2/resolve/main/sentence_bert_config.json "HTTP/1.1 307 Temporary Redirect"
2026-07-09 19:04:59  INFO      httpx – HTTP Request: HEAD https://huggingface.co/api/resolve-cache/models/sentence-transformers/all-MiniLM-L6-v2/1110a243fdf4706b3f48f1d95db1a4f5529b4d41/sentence_bert_config.json "HTTP/1.1 200 OK"
2026-07-09 19:04:59  INFO      httpx – HTTP Request: HEAD https://huggingface.co/sentence-transformers/all-MiniLM-L6-v2/resolve/main/adapter_config.json "HTTP/1.1 404 Not Found"
2026-07-09 19:04:59  INFO      httpx – HTTP Request: HEAD https://huggingface.co/sentence-transformers/all-MiniLM-L6-v2/resolve/main/config.json "HTTP/1.1 307 Temporary Redirect"
2026-07-09 19:04:59  INFO      httpx – HTTP Request: HEAD https://huggingface.co/api/resolve-cache/models/sentence-transformers/all-MiniLM-L6-v2/1110a243fdf4706b3f48f1d95db1a4f5529b4d41/config.json "HTTP/1.1 200 OK"
2026-07-09 19:05:00  INFO      httpx – HTTP Request: HEAD https://huggingface.co/sentence-transformers/all-MiniLM-L6-v2/resolve/main/processor_config.json "HTTP/1.1 404 Not Found"
2026-07-09 19:05:00  INFO      httpx – HTTP Request: HEAD https://huggingface.co/sentence-transformers/all-MiniLM-L6-v2/resolve/main/preprocessor_config.json "HTTP/1.1 404 Not Found"
2026-07-09 19:05:01  INFO      httpx – HTTP Request: HEAD https://huggingface.co/sentence-transformers/all-MiniLM-L6-v2/resolve/main/video_preprocessor_config.json "HTTP/1.1 404 Not Found"
2026-07-09 19:05:01  INFO      httpx – HTTP Request: HEAD https://huggingface.co/sentence-transformers/all-MiniLM-L6-v2/resolve/main/preprocessor_config.json "HTTP/1.1 404 Not Found"
2026-07-09 19:05:02  INFO      httpx – HTTP Request: HEAD https://huggingface.co/sentence-transformers/all-MiniLM-L6-v2/resolve/main/tokenizer_config.json "HTTP/1.1 307 Temporary Redirect"
2026-07-09 19:05:02  INFO      httpx – HTTP Request: HEAD https://huggingface.co/api/resolve-cache/models/sentence-transformers/all-MiniLM-L6-v2/1110a243fdf4706b3f48f1d95db1a4f5529b4d41/tokenizer_config.json "HTTP/1.1 200 OK"
2026-07-09 19:05:02  INFO      httpx – HTTP Request: HEAD https://huggingface.co/sentence-transformers/all-MiniLM-L6-v2/resolve/main/config.json "HTTP/1.1 307 Temporary Redirect"
2026-07-09 19:05:03  INFO      httpx – HTTP Request: HEAD https://huggingface.co/api/resolve-cache/models/sentence-transformers/all-MiniLM-L6-v2/1110a243fdf4706b3f48f1d95db1a4f5529b4d41/config.json "HTTP/1.1 200 OK"
2026-07-09 19:05:03  INFO      httpx – HTTP Request: HEAD https://huggingface.co/sentence-transformers/all-MiniLM-L6-v2/resolve/main/config.json "HTTP/1.1 307 Temporary Redirect"
2026-07-09 19:05:03  INFO      httpx – HTTP Request: HEAD https://huggingface.co/api/resolve-cache/models/sentence-transformers/all-MiniLM-L6-v2/1110a243fdf4706b3f48f1d95db1a4f5529b4d41/config.json "HTTP/1.1 200 OK"
2026-07-09 19:05:04  INFO      httpx – HTTP Request: HEAD https://huggingface.co/sentence-transformers/all-MiniLM-L6-v2/resolve/main/tokenizer_config.json "HTTP/1.1 307 Temporary Redirect"
2026-07-09 19:05:04  INFO      httpx – HTTP Request: HEAD https://huggingface.co/api/resolve-cache/models/sentence-transformers/all-MiniLM-L6-v2/1110a243fdf4706b3f48f1d95db1a4f5529b4d41/tokenizer_config.json "HTTP/1.1 200 OK"
2026-07-09 19:05:04  INFO      httpx – HTTP Request: GET https://huggingface.co/api/models/sentence-transformers/all-MiniLM-L6-v2/tree/main/additional_chat_templates?recursive=false&expand=false "HTTP/1.1 404 Not Found"
2026-07-09 19:05:05  INFO      httpx – HTTP Request: GET https://huggingface.co/api/models/sentence-transformers/all-MiniLM-L6-v2/tree/main?recursive=true&expand=false "HTTP/1.1 200 OK"
2026-07-09 19:05:05  INFO      httpx – HTTP Request: HEAD https://huggingface.co/sentence-transformers/all-MiniLM-L6-v2/resolve/main/1_Pooling/config.json "HTTP/1.1 307 Temporary Redirect"
2026-07-09 19:05:05  INFO      httpx – HTTP Request: HEAD https://huggingface.co/api/resolve-cache/models/sentence-transformers/all-MiniLM-L6-v2/1110a243fdf4706b3f48f1d95db1a4f5529b4d41/1_Pooling%2Fconfig.json "HTTP/1.1 200 OK"
2026-07-09 19:05:06  INFO      httpx – HTTP Request: GET https://huggingface.co/api/models/sentence-transformers/all-MiniLM-L6-v2 "HTTP/1.1 200 OK"
2026-07-09 19:05:06  INFO      services.embedder – Embedding model loaded. Vector dim: 384
2026-07-09 19:05:06  INFO      rag_service – SentenceTransformer model loaded and ready.
2026-07-09 19:05:07  INFO      db.chroma_client – ChromaDB client ready at: ./chromadb
2026-07-09 19:05:08  INFO      rag_service – ChromaDB collection 'erp_documents' ready. Vectors stored: 785
2026-07-09 19:05:08  INFO      rag_service – ChromaDB override collection 'hr_overrides' ready. Entries: 1
2026-07-09 19:05:08  INFO      rag_service – RAG service READY on http://127.0.0.1:8000
2026-07-09 19:05:08  INFO      rag_service – Docs: http://127.0.0.1:8000/docs
2026-07-09 19:05:08  INFO      rag_service – ============================================================
2026-07-09 20:00:00  INFO      rag_service – RAG service shutting down.
